12:06:37 **** Build of configuration Debug for project 002HelloWorld ****
make -j8 all 
arm-none-eabi-gcc -mcpu=cortex-m4 -g3 -DDEBUG -c -x assembler-with-cpp -MMD -MP -MF"Startup/startup_stm32f411vetx.d" -MT"Startup/startup_stm32f411vetx.o" --specs=nano.specs -mfloat-abi=soft -mthumb -o "Startup/startup_stm32f411vetx.o" "../Startup/startup_stm32f411vetx.s"
arm-none-eabi-gcc "../Src/main.c" -mcpu=cortex-m4 -std=gnu11 -g3 -DDEBUG -DSTM32F411VETx -DSTM32 -DSTM32F4 -DSTM32F411E_DISCO -c -I../Inc -O0 -ffunction-sections -fdata-sections -Wall -fstack-usage -fcyclomatic-complexity -MMD -MP -MF"Src/main.d" -MT"Src/main.o" --specs=nano.specs -mfloat-abi=soft -mthumb -o "Src/main.o"
arm-none-eabi-gcc "../Src/sysmem.c" -mcpu=cortex-m4 -std=gnu11 -g3 -DDEBUG -DSTM32F411VETx -DSTM32 -DSTM32F4 -DSTM32F411E_DISCO -c -I../Inc -O0 -ffunction-sections -fdata-sections -Wall -fstack-usage -fcyclomatic-complexity -MMD -MP -MF"Src/sysmem.d" -MT"Src/sysmem.o" --specs=nano.specs -mfloat-abi=soft -mthumb -o "Src/sysmem.o"
../Src/main.c: In function 'main':
../Src/main.c:30:9: warning: implicit declaration of function 'printf' [-Wimplicit-function-declaration]
   30 |         printf("Hello World!");
      |         ^~~~~~
../Src/main.c:20:1: note: include '<stdio.h>' or provide a declaration of 'printf'
   19 | #include <stdint.h>
  +++ |+#include <stdio.h>
   20 | 
../Src/main.c:30:9: warning: incompatible implicit declaration of built-in function 'printf' [-Wbuiltin-declaration-mismatch]
   30 |         printf("Hello World!");
      |         ^~~~~~
../Src/main.c:30:9: note: include '<stdio.h>' or provide a declaration of 'printf'
arm-none-eabi-gcc -o "002HelloWorld.elf" @"objects.list"   -mcpu=cortex-m4 -T"C:\Embedded_C\My_Workspace\target\002HelloWorld\STM32F411VETX_FLASH.ld" --specs=nosys.specs -Wl,-Map="002HelloWorld.map" -Wl,--gc-sections -static -specs=rdimon.specs -lc -lrdimon --specs=nano.specs -mfloat-abi=soft -mthumb -Wl,--start-group -lc -lm -Wl,--end-group
Finished building target: 002HelloWorld.elf
 
arm-none-eabi-size  002HelloWorld.elf 
arm-none-eabi-objdump -h -S 002HelloWorld.elf  > "002HelloWorld.list"
   text	   data	    bss	    dec	    hex	filename
   5988	    100	   2076	   8164	   1fe4	002HelloWorld.elf
Finished building: default.size.stdout
 
Finished building: 002HelloWorld.list
 

12:06:40 Build Finished. 0 errors, 2 warnings. (took 2s.594ms)

